Archive member included to satisfy reference by file (symbol)

C:\Users\andyr\Documents\Atmel Studio\ADC\ADC\libacx.a(library.o)
                              ADC.o (x_init)
C:\Users\andyr\Documents\Atmel Studio\ADC\ADC\libacx.a(acx_asm.o)
                              C:\Users\andyr\Documents\Atmel Studio\ADC\ADC\libacx.a(library.o) (x_yield)
C:\Users\andyr\Documents\Atmel Studio\ADC\ADC\libacxserial.a(library.o)
                              ADC.o (Serial_open)
c:/program files (x86)/atmel/studio/7.0/toolchain/avr8/avr8-gnu-toolchain/bin/../lib/gcc/avr/5.4.0/avr6\libgcc.a(_exit.o)
                              C:/Program Files (x86)/Atmel/Studio/7.0/Packs/atmel/ATmega_DFP/1.2.150/gcc/dev/atmega2560/avr6/crtatmega2560.o (exit)
c:/program files (x86)/atmel/studio/7.0/toolchain/avr8/avr8-gnu-toolchain/bin/../lib/gcc/avr/5.4.0/avr6\libgcc.a(_copy_data.o)
                              ADC.o (__do_copy_data)
c:/program files (x86)/atmel/studio/7.0/toolchain/avr8/avr8-gnu-toolchain/bin/../lib/gcc/avr/5.4.0/avr6\libgcc.a(_clear_bss.o)
                              C:\Users\andyr\Documents\Atmel Studio\ADC\ADC\libacx.a(library.o) (__do_clear_bss)
c:/program files (x86)/atmel/studio/7.0/toolchain/avr8/avr8-gnu-toolchain/bin/../lib/gcc/avr/5.4.0/../../../../avr/lib/avr6\libc.a(itoa_ncheck.o)
                              ADC.o (__itoa_ncheck)
c:/program files (x86)/atmel/studio/7.0/toolchain/avr8/avr8-gnu-toolchain/bin/../lib/gcc/avr/5.4.0/../../../../avr/lib/avr6\libc.a(utoa_ncheck.o)
                              c:/program files (x86)/atmel/studio/7.0/toolchain/avr8/avr8-gnu-toolchain/bin/../lib/gcc/avr/5.4.0/../../../../avr/lib/avr6\libc.a(itoa_ncheck.o) (__utoa_common)
c:/program files (x86)/atmel/studio/7.0/toolchain/avr8/avr8-gnu-toolchain/bin/../lib/gcc/avr/5.4.0/../../../../avr/lib/avr6\libc.a(strrev.o)
                              c:/program files (x86)/atmel/studio/7.0/toolchain/avr8/avr8-gnu-toolchain/bin/../lib/gcc/avr/5.4.0/../../../../avr/lib/avr6\libc.a(utoa_ncheck.o) (strrev)

Allocating common symbols
Common symbol       size              file

x_thread_id         0x1               C:\Users\andyr\Documents\Atmel Studio\ADC\ADC\libacx.a(library.o)
x_delay_status      0x1               C:\Users\andyr\Documents\Atmel Studio\ADC\ADC\libacx.a(library.o)
stack               0x20              C:\Users\andyr\Documents\Atmel Studio\ADC\ADC\libacx.a(library.o)
x_suspend_status    0x1               C:\Users\andyr\Documents\Atmel Studio\ADC\ADC\libacx.a(library.o)
x_thread_stacks     0x800             C:\Users\andyr\Documents\Atmel Studio\ADC\ADC\libacx.a(library.o)
x_thread_delay      0x10              C:\Users\andyr\Documents\Atmel Studio\ADC\ADC\libacx.a(library.o)
x_disable_status    0x1               C:\Users\andyr\Documents\Atmel Studio\ADC\ADC\libacx.a(library.o)
x_thread_mask       0x1               C:\Users\andyr\Documents\Atmel Studio\ADC\ADC\libacx.a(library.o)

Discarded input sections

 .data          0x00000000        0x0 C:/Program Files (x86)/Atmel/Studio/7.0/Packs/atmel/ATmega_DFP/1.2.150/gcc/dev/atmega2560/avr6/crtatmega2560.o
 .bss           0x00000000        0x0 C:/Program Files (x86)/Atmel/Studio/7.0/Packs/atmel/ATmega_DFP/1.2.150/gcc/dev/atmega2560/avr6/crtatmega2560.o
 .text          0x00000000        0x0 ADC.o
 .data          0x00000000        0x0 ADC.o
 .bss           0x00000000        0x0 ADC.o
 .text          0x00000000        0x0 C:\Users\andyr\Documents\Atmel Studio\ADC\ADC\libacx.a(library.o)
 .data          0x00000000        0x0 C:\Users\andyr\Documents\Atmel Studio\ADC\ADC\libacx.a(library.o)
 .bss           0x00000000        0x0 C:\Users\andyr\Documents\Atmel Studio\ADC\ADC\libacx.a(library.o)
 .text.x_new    0x00000000       0x6e C:\Users\andyr\Documents\Atmel Studio\ADC\ADC\libacx.a(library.o)
 .text.x_new_with_args
                0x00000000       0x8a C:\Users\andyr\Documents\Atmel Studio\ADC\ADC\libacx.a(library.o)
 .text.x_gtime  0x00000000       0x18 C:\Users\andyr\Documents\Atmel Studio\ADC\ADC\libacx.a(library.o)
 .text.x_suspend
                0x00000000       0x1a C:\Users\andyr\Documents\Atmel Studio\ADC\ADC\libacx.a(library.o)
 .text.x_resume
                0x00000000       0x1c C:\Users\andyr\Documents\Atmel Studio\ADC\ADC\libacx.a(library.o)
 .text.x_disable
                0x00000000       0x1a C:\Users\andyr\Documents\Atmel Studio\ADC\ADC\libacx.a(library.o)
 .text.x_enable
                0x00000000       0x1c C:\Users\andyr\Documents\Atmel Studio\ADC\ADC\libacx.a(library.o)
 .data          0x00000000        0x0 C:\Users\andyr\Documents\Atmel Studio\ADC\ADC\libacx.a(acx_asm.o)
 .bss           0x00000000        0x0 C:\Users\andyr\Documents\Atmel Studio\ADC\ADC\libacx.a(acx_asm.o)
 .text          0x00000000        0x0 C:\Users\andyr\Documents\Atmel Studio\ADC\ADC\libacxserial.a(library.o)
 .data          0x00000000        0x0 C:\Users\andyr\Documents\Atmel Studio\ADC\ADC\libacxserial.a(library.o)
 .bss           0x00000000        0x0 C:\Users\andyr\Documents\Atmel Studio\ADC\ADC\libacxserial.a(library.o)
 .text.Serial_available
                0x00000000       0x34 C:\Users\andyr\Documents\Atmel Studio\ADC\ADC\libacxserial.a(library.o)
 .text.Serial_read_wait
                0x00000000        0x6 C:\Users\andyr\Documents\Atmel Studio\ADC\ADC\libacxserial.a(library.o)
 .text.Serial_close
                0x00000000       0x52 C:\Users\andyr\Documents\Atmel Studio\ADC\ADC\libacxserial.a(library.o)
 .text.Q_used   0x00000000       0x14 C:\Users\andyr\Documents\Atmel Studio\ADC\ADC\libacxserial.a(library.o)
 .text.Q_unused
                0x00000000       0x1e C:\Users\andyr\Documents\Atmel Studio\ADC\ADC\libacxserial.a(library.o)
 .text.Q_full   0x00000000       0x14 C:\Users\andyr\Documents\Atmel Studio\ADC\ADC\libacxserial.a(library.o)
 .text.Q_empty  0x00000000       0x16 C:\Users\andyr\Documents\Atmel Studio\ADC\ADC\libacxserial.a(library.o)
 .text.Serial_read
                0x00000000       0x68 C:\Users\andyr\Documents\Atmel Studio\ADC\ADC\libacxserial.a(library.o)
 .text.Serial_puts
                0x00000000       0x4e C:\Users\andyr\Documents\Atmel Studio\ADC\ADC\libacxserial.a(library.o)
 .text.Serial0_poll_read
                0x00000000       0x10 C:\Users\andyr\Documents\Atmel Studio\ADC\ADC\libacxserial.a(library.o)
 .text.Serial0_poll_write
                0x00000000       0x10 C:\Users\andyr\Documents\Atmel Studio\ADC\ADC\libacxserial.a(library.o)
 .text.Serial0_poll_print
                0x00000000       0x1e C:\Users\andyr\Documents\Atmel Studio\ADC\ADC\libacxserial.a(library.o)
 .text.Serial0_config
                0x00000000      0x1fc C:\Users\andyr\Documents\Atmel Studio\ADC\ADC\libacxserial.a(library.o)
 .text.Serial1_poll_read
                0x00000000       0x10 C:\Users\andyr\Documents\Atmel Studio\ADC\ADC\libacxserial.a(library.o)
 .text.Serial1_poll_write
                0x00000000       0x10 C:\Users\andyr\Documents\Atmel Studio\ADC\ADC\libacxserial.a(library.o)
 .text.Serial1_poll_print
                0x00000000       0x1e C:\Users\andyr\Documents\Atmel Studio\ADC\ADC\libacxserial.a(library.o)
 .text.Serial1_config
                0x00000000      0x1fc C:\Users\andyr\Documents\Atmel Studio\ADC\ADC\libacxserial.a(library.o)
 .text.init_sw_serial_putc_test
                0x00000000       0x3a C:\Users\andyr\Documents\Atmel Studio\ADC\ADC\libacxserial.a(library.o)
 .text.init_sw_serial_getc_test
                0x00000000       0x2e C:\Users\andyr\Documents\Atmel Studio\ADC\ADC\libacxserial.a(library.o)
 .rodata.str1.1
                0x00000000       0x63 C:\Users\andyr\Documents\Atmel Studio\ADC\ADC\libacxserial.a(library.o)
 .text.test_sw_serial_putc
                0x00000000       0x60 C:\Users\andyr\Documents\Atmel Studio\ADC\ADC\libacxserial.a(library.o)
 .text.test_sw_serial_getc
                0x00000000       0x50 C:\Users\andyr\Documents\Atmel Studio\ADC\ADC\libacxserial.a(library.o)
 .text.init_sw_serial_puts_test
                0x00000000       0x40 C:\Users\andyr\Documents\Atmel Studio\ADC\ADC\libacxserial.a(library.o)
 .text.test_sw_serial_puts
                0x00000000       0x54 C:\Users\andyr\Documents\Atmel Studio\ADC\ADC\libacxserial.a(library.o)
 .text.debug_init
                0x00000000        0x8 C:\Users\andyr\Documents\Atmel Studio\ADC\ADC\libacxserial.a(library.o)
 .text.debug_hang
                0x00000000       0x1c C:\Users\andyr\Documents\Atmel Studio\ADC\ADC\libacxserial.a(library.o)
 .text          0x00000000        0x0 c:/program files (x86)/atmel/studio/7.0/toolchain/avr8/avr8-gnu-toolchain/bin/../lib/gcc/avr/5.4.0/avr6\libgcc.a(_exit.o)
 .data          0x00000000        0x0 c:/program files (x86)/atmel/studio/7.0/toolchain/avr8/avr8-gnu-toolchain/bin/../lib/gcc/avr/5.4.0/avr6\libgcc.a(_exit.o)
 .bss           0x00000000        0x0 c:/program files (x86)/atmel/studio/7.0/toolchain/avr8/avr8-gnu-toolchain/bin/../lib/gcc/avr/5.4.0/avr6\libgcc.a(_exit.o)
 .text.libgcc.mul
                0x00000000        0x0 c:/program files (x86)/atmel/studio/7.0/toolchain/avr8/avr8-gnu-toolchain/bin/../lib/gcc/avr/5.4.0/avr6\libgcc.a(_exit.o)
 .text.libgcc.div
                0x00000000        0x0 c:/program files (x86)/atmel/studio/7.0/toolchain/avr8/avr8-gnu-toolchain/bin/../lib/gcc/avr/5.4.0/avr6\libgcc.a(_exit.o)
 .text.libgcc   0x00000000        0x0 c:/program files (x86)/atmel/studio/7.0/toolchain/avr8/avr8-gnu-toolchain/bin/../lib/gcc/avr/5.4.0/avr6\libgcc.a(_exit.o)
 .text.libgcc.prologue
                0x00000000        0x0 c:/program files (x86)/atmel/studio/7.0/toolchain/avr8/avr8-gnu-toolchain/bin/../lib/gcc/avr/5.4.0/avr6\libgcc.a(_exit.o)
 .text.libgcc.builtins
                0x00000000        0x0 c:/program files (x86)/atmel/studio/7.0/toolchain/avr8/avr8-gnu-toolchain/bin/../lib/gcc/avr/5.4.0/avr6\libgcc.a(_exit.o)
 .text.libgcc.fmul
                0x00000000        0x0 c:/program files (x86)/atmel/studio/7.0/toolchain/avr8/avr8-gnu-toolchain/bin/../lib/gcc/avr/5.4.0/avr6\libgcc.a(_exit.o)
 .text.libgcc.fixed
                0x00000000        0x0 c:/program files (x86)/atmel/studio/7.0/toolchain/avr8/avr8-gnu-toolchain/bin/../lib/gcc/avr/5.4.0/avr6\libgcc.a(_exit.o)
 .text          0x00000000        0x0 c:/program files (x86)/atmel/studio/7.0/toolchain/avr8/avr8-gnu-toolchain/bin/../lib/gcc/avr/5.4.0/avr6\libgcc.a(_copy_data.o)
 .data          0x00000000        0x0 c:/program files (x86)/atmel/studio/7.0/toolchain/avr8/avr8-gnu-toolchain/bin/../lib/gcc/avr/5.4.0/avr6\libgcc.a(_copy_data.o)
 .bss           0x00000000        0x0 c:/program files (x86)/atmel/studio/7.0/toolchain/avr8/avr8-gnu-toolchain/bin/../lib/gcc/avr/5.4.0/avr6\libgcc.a(_copy_data.o)
 .text.libgcc.mul
                0x00000000        0x0 c:/program files (x86)/atmel/studio/7.0/toolchain/avr8/avr8-gnu-toolchain/bin/../lib/gcc/avr/5.4.0/avr6\libgcc.a(_copy_data.o)
 .text.libgcc.div
                0x00000000        0x0 c:/program files (x86)/atmel/studio/7.0/toolchain/avr8/avr8-gnu-toolchain/bin/../lib/gcc/avr/5.4.0/avr6\libgcc.a(_copy_data.o)
 .text.libgcc   0x00000000        0x0 c:/program files (x86)/atmel/studio/7.0/toolchain/avr8/avr8-gnu-toolchain/bin/../lib/gcc/avr/5.4.0/avr6\libgcc.a(_copy_data.o)
 .text.libgcc.prologue
                0x00000000        0x0 c:/program files (x86)/atmel/studio/7.0/toolchain/avr8/avr8-gnu-toolchain/bin/../lib/gcc/avr/5.4.0/avr6\libgcc.a(_copy_data.o)
 .text.libgcc.builtins
                0x00000000        0x0 c:/program files (x86)/atmel/studio/7.0/toolchain/avr8/avr8-gnu-toolchain/bin/../lib/gcc/avr/5.4.0/avr6\libgcc.a(_copy_data.o)
 .text.libgcc.fmul
                0x00000000        0x0 c:/program files (x86)/atmel/studio/7.0/toolchain/avr8/avr8-gnu-toolchain/bin/../lib/gcc/avr/5.4.0/avr6\libgcc.a(_copy_data.o)
 .text.libgcc.fixed
                0x00000000        0x0 c:/program files (x86)/atmel/studio/7.0/toolchain/avr8/avr8-gnu-toolchain/bin/../lib/gcc/avr/5.4.0/avr6\libgcc.a(_copy_data.o)
 .text          0x00000000        0x0 c:/program files (x86)/atmel/studio/7.0/toolchain/avr8/avr8-gnu-toolchain/bin/../lib/gcc/avr/5.4.0/avr6\libgcc.a(_clear_bss.o)
 .data          0x00000000        0x0 c:/program files (x86)/atmel/studio/7.0/toolchain/avr8/avr8-gnu-toolchain/bin/../lib/gcc/avr/5.4.0/avr6\libgcc.a(_clear_bss.o)
 .bss           0x00000000        0x0 c:/program files (x86)/atmel/studio/7.0/toolchain/avr8/avr8-gnu-toolchain/bin/../lib/gcc/avr/5.4.0/avr6\libgcc.a(_clear_bss.o)
 .text.libgcc.mul
                0x00000000        0x0 c:/program files (x86)/atmel/studio/7.0/toolchain/avr8/avr8-gnu-toolchain/bin/../lib/gcc/avr/5.4.0/avr6\libgcc.a(_clear_bss.o)
 .text.libgcc.div
                0x00000000        0x0 c:/program files (x86)/atmel/studio/7.0/toolchain/avr8/avr8-gnu-toolchain/bin/../lib/gcc/avr/5.4.0/avr6\libgcc.a(_clear_bss.o)
 .text.libgcc   0x00000000        0x0 c:/program files (x86)/atmel/studio/7.0/toolchain/avr8/avr8-gnu-toolchain/bin/../lib/gcc/avr/5.4.0/avr6\libgcc.a(_clear_bss.o)
 .text.libgcc.prologue
                0x00000000        0x0 c:/program files (x86)/atmel/studio/7.0/toolchain/avr8/avr8-gnu-toolchain/bin/../lib/gcc/avr/5.4.0/avr6\libgcc.a(_clear_bss.o)
 .text.libgcc.builtins
                0x00000000        0x0 c:/program files (x86)/atmel/studio/7.0/toolchain/avr8/avr8-gnu-toolchain/bin/../lib/gcc/avr/5.4.0/avr6\libgcc.a(_clear_bss.o)
 .text.libgcc.fmul
                0x00000000        0x0 c:/program files (x86)/atmel/studio/7.0/toolchain/avr8/avr8-gnu-toolchain/bin/../lib/gcc/avr/5.4.0/avr6\libgcc.a(_clear_bss.o)
 .text.libgcc.fixed
                0x00000000        0x0 c:/program files (x86)/atmel/studio/7.0/toolchain/avr8/avr8-gnu-toolchain/bin/../lib/gcc/avr/5.4.0/avr6\libgcc.a(_clear_bss.o)
 .text          0x00000000        0x0 c:/program files (x86)/atmel/studio/7.0/toolchain/avr8/avr8-gnu-toolchain/bin/../lib/gcc/avr/5.4.0/../../../../avr/lib/avr6\libc.a(itoa_ncheck.o)
 .data          0x00000000        0x0 c:/program files (x86)/atmel/studio/7.0/toolchain/avr8/avr8-gnu-toolchain/bin/../lib/gcc/avr/5.4.0/../../../../avr/lib/avr6\libc.a(itoa_ncheck.o)
 .bss           0x00000000        0x0 c:/program files (x86)/atmel/studio/7.0/toolchain/avr8/avr8-gnu-toolchain/bin/../lib/gcc/avr/5.4.0/../../../../avr/lib/avr6\libc.a(itoa_ncheck.o)
 .text          0x00000000        0x0 c:/program files (x86)/atmel/studio/7.0/toolchain/avr8/avr8-gnu-toolchain/bin/../lib/gcc/avr/5.4.0/../../../../avr/lib/avr6\libc.a(utoa_ncheck.o)
 .data          0x00000000        0x0 c:/program files (x86)/atmel/studio/7.0/toolchain/avr8/avr8-gnu-toolchain/bin/../lib/gcc/avr/5.4.0/../../../../avr/lib/avr6\libc.a(utoa_ncheck.o)
 .bss           0x00000000        0x0 c:/program files (x86)/atmel/studio/7.0/toolchain/avr8/avr8-gnu-toolchain/bin/../lib/gcc/avr/5.4.0/../../../../avr/lib/avr6\libc.a(utoa_ncheck.o)
 .text          0x00000000        0x0 c:/program files (x86)/atmel/studio/7.0/toolchain/avr8/avr8-gnu-toolchain/bin/../lib/gcc/avr/5.4.0/../../../../avr/lib/avr6\libc.a(strrev.o)
 .data          0x00000000        0x0 c:/program files (x86)/atmel/studio/7.0/toolchain/avr8/avr8-gnu-toolchain/bin/../lib/gcc/avr/5.4.0/../../../../avr/lib/avr6\libc.a(strrev.o)
 .bss           0x00000000        0x0 c:/program files (x86)/atmel/studio/7.0/toolchain/avr8/avr8-gnu-toolchain/bin/../lib/gcc/avr/5.4.0/../../../../avr/lib/avr6\libc.a(strrev.o)

Memory Configuration

Name             Origin             Length             Attributes
text             0x00000000         0x00100000         xr
data             0x00800200         0x0000fe00         rw !x
eeprom           0x00810000         0x00010000         rw !x
fuse             0x00820000         0x00000003         rw !x
lock             0x00830000         0x00000400         rw !x
signature        0x00840000         0x00000400         rw !x
user_signatures  0x00850000         0x00000400         rw !x
*default*        0x00000000         0xffffffff

Linker script and memory map

Address of section .data set to 0x800200
LOAD C:/Program Files (x86)/Atmel/Studio/7.0/Packs/atmel/ATmega_DFP/1.2.150/gcc/dev/atmega2560/avr6/crtatmega2560.o
LOAD ADC.o
START GROUP
LOAD c:/program files (x86)/atmel/studio/7.0/toolchain/avr8/avr8-gnu-toolchain/bin/../lib/gcc/avr/5.4.0/../../../../avr/lib/avr6\libm.a
LOAD C:\Users\andyr\Documents\Atmel Studio\ADC\ADC\libacx.a
LOAD C:\Users\andyr\Documents\Atmel Studio\ADC\ADC\libacxserial.a
END GROUP
START GROUP
LOAD c:/program files (x86)/atmel/studio/7.0/toolchain/avr8/avr8-gnu-toolchain/bin/../lib/gcc/avr/5.4.0/avr6\libgcc.a
LOAD c:/program files (x86)/atmel/studio/7.0/toolchain/avr8/avr8-gnu-toolchain/bin/../lib/gcc/avr/5.4.0/../../../../avr/lib/avr6\libm.a
LOAD c:/program files (x86)/atmel/studio/7.0/toolchain/avr8/avr8-gnu-toolchain/bin/../lib/gcc/avr/5.4.0/../../../../avr/lib/avr6\libc.a
LOAD C:/Program Files (x86)/Atmel/Studio/7.0/Packs/atmel/ATmega_DFP/1.2.150/gcc/dev/atmega2560/avr6\libatmega2560.a
END GROUP
                0x00100000                __TEXT_REGION_LENGTH__ = DEFINED (__TEXT_REGION_LENGTH__)?__TEXT_REGION_LENGTH__:0x100000
                0x0000fe00                __DATA_REGION_LENGTH__ = DEFINED (__DATA_REGION_LENGTH__)?__DATA_REGION_LENGTH__:0xfe00
                0x00010000                __EEPROM_REGION_LENGTH__ = DEFINED (__EEPROM_REGION_LENGTH__)?__EEPROM_REGION_LENGTH__:0x10000
                [0x00000003]                __FUSE_REGION_LENGTH__ = DEFINED (__FUSE_REGION_LENGTH__)?__FUSE_REGION_LENGTH__:0x400
                0x00000400                __LOCK_REGION_LENGTH__ = DEFINED (__LOCK_REGION_LENGTH__)?__LOCK_REGION_LENGTH__:0x400
                0x00000400                __SIGNATURE_REGION_LENGTH__ = DEFINED (__SIGNATURE_REGION_LENGTH__)?__SIGNATURE_REGION_LENGTH__:0x400
                0x00000400                __USER_SIGNATURE_REGION_LENGTH__ = DEFINED (__USER_SIGNATURE_REGION_LENGTH__)?__USER_SIGNATURE_REGION_LENGTH__:0x400

.hash
 *(.hash)

.dynsym
 *(.dynsym)

.dynstr
 *(.dynstr)

.gnu.version
 *(.gnu.version)

.gnu.version_d
 *(.gnu.version_d)

.gnu.version_r
 *(.gnu.version_r)

.rel.init
 *(.rel.init)

.rela.init
 *(.rela.init)

.rel.text
 *(.rel.text)
 *(.rel.text.*)
 *(.rel.gnu.linkonce.t*)

.rela.text
 *(.rela.text)
 *(.rela.text.*)
 *(.rela.gnu.linkonce.t*)

.rel.fini
 *(.rel.fini)

.rela.fini
 *(.rela.fini)

.rel.rodata
 *(.rel.rodata)
 *(.rel.rodata.*)
 *(.rel.gnu.linkonce.r*)

.rela.rodata
 *(.rela.rodata)
 *(.rela.rodata.*)
 *(.rela.gnu.linkonce.r*)

.rel.data
 *(.rel.data)
 *(.rel.data.*)
 *(.rel.gnu.linkonce.d*)

.rela.data
 *(.rela.data)
 *(.rela.data.*)
 *(.rela.gnu.linkonce.d*)

.rel.ctors
 *(.rel.ctors)

.rela.ctors
 *(.rela.ctors)

.rel.dtors
 *(.rel.dtors)

.rela.dtors
 *(.rela.dtors)

.rel.got
 *(.rel.got)

.rela.got
 *(.rela.got)

.rel.bss
 *(.rel.bss)

.rela.bss
 *(.rela.bss)

.rel.plt
 *(.rel.plt)

.rela.plt
 *(.rela.plt)

.text           0x00000000     0x101a
 *(.vectors)
 .vectors       0x00000000       0xe4 C:/Program Files (x86)/Atmel/Studio/7.0/Packs/atmel/ATmega_DFP/1.2.150/gcc/dev/atmega2560/avr6/crtatmega2560.o
                0x00000000                __vector_default
                0x00000000                __vectors
 *(.vectors)
 *(.progmem.gcc*)
                0x000000e4                . = ALIGN (0x2)
                0x000000e4                __trampolines_start = .
 *(.trampolines)
 .trampolines   0x000000e4        0x0 linker stubs
 *(.trampolines*)
                0x000000e4                __trampolines_end = .
 *libprintf_flt.a:*(.progmem.data)
 *libc.a:*(.progmem.data)
 *(.progmem*)
                0x000000e4                . = ALIGN (0x2)
 *(.jumptables)
 *(.jumptables*)
 *(.lowtext)
 *(.lowtext*)
                0x000000e4                __ctors_start = .
 *(.ctors)
                0x000000e4                __ctors_end = .
                0x000000e4                __dtors_start = .
 *(.dtors)
                0x000000e4                __dtors_end = .
 SORT(*)(.ctors)
 SORT(*)(.dtors)
 *(.init0)
 .init0         0x000000e4        0x0 C:/Program Files (x86)/Atmel/Studio/7.0/Packs/atmel/ATmega_DFP/1.2.150/gcc/dev/atmega2560/avr6/crtatmega2560.o
                0x000000e4                __init
 *(.init0)
 *(.init1)
 *(.init1)
 *(.init2)
 .init2         0x000000e4       0x10 C:/Program Files (x86)/Atmel/Studio/7.0/Packs/atmel/ATmega_DFP/1.2.150/gcc/dev/atmega2560/avr6/crtatmega2560.o
 *(.init2)
 *(.init3)
 *(.init3)
 *(.init4)
 .init4         0x000000f4       0x1a c:/program files (x86)/atmel/studio/7.0/toolchain/avr8/avr8-gnu-toolchain/bin/../lib/gcc/avr/5.4.0/avr6\libgcc.a(_copy_data.o)
                0x000000f4                __do_copy_data
 .init4         0x0000010e       0x10 c:/program files (x86)/atmel/studio/7.0/toolchain/avr8/avr8-gnu-toolchain/bin/../lib/gcc/avr/5.4.0/avr6\libgcc.a(_clear_bss.o)
                0x0000010e                __do_clear_bss
 *(.init4)
 *(.init5)
 *(.init5)
 *(.init6)
 *(.init6)
 *(.init7)
 *(.init7)
 *(.init8)
 *(.init8)
 *(.init9)
 .init9         0x0000011e        0x4 C:/Program Files (x86)/Atmel/Studio/7.0/Packs/atmel/ATmega_DFP/1.2.150/gcc/dev/atmega2560/avr6/crtatmega2560.o
 *(.init9)
 *(.text)
 .text          0x00000122        0x2 C:/Program Files (x86)/Atmel/Studio/7.0/Packs/atmel/ATmega_DFP/1.2.150/gcc/dev/atmega2560/avr6/crtatmega2560.o
                0x00000122                __vector_38
                0x00000122                __vector_22
                0x00000122                __vector_28
                0x00000122                __vector_1
                0x00000122                __vector_32
                0x00000122                __vector_34
                0x00000122                __vector_24
                0x00000122                __vector_12
                0x00000122                __vector_46
                0x00000122                __bad_interrupt
                0x00000122                __vector_6
                0x00000122                __vector_31
                0x00000122                __vector_35
                0x00000122                __vector_39
                0x00000122                __vector_3
                0x00000122                __vector_23
                0x00000122                __vector_30
                0x00000122                __vector_45
                0x00000122                __vector_11
                0x00000122                __vector_13
                0x00000122                __vector_17
                0x00000122                __vector_19
                0x00000122                __vector_56
                0x00000122                __vector_7
                0x00000122                __vector_49
                0x00000122                __vector_41
                0x00000122                __vector_43
                0x00000122                __vector_27
                0x00000122                __vector_5
                0x00000122                __vector_33
                0x00000122                __vector_47
                0x00000122                __vector_4
                0x00000122                __vector_44
                0x00000122                __vector_9
                0x00000122                __vector_2
                0x00000122                __vector_15
                0x00000122                __vector_29
                0x00000122                __vector_40
                0x00000122                __vector_8
                0x00000122                __vector_48
                0x00000122                __vector_14
                0x00000122                __vector_53
                0x00000122                __vector_10
                0x00000122                __vector_50
                0x00000122                __vector_16
                0x00000122                __vector_18
                0x00000122                __vector_20
                0x00000122                __vector_42
 .text          0x00000124       0xf2 C:\Users\andyr\Documents\Atmel Studio\ADC\ADC\libacx.a(acx_asm.o)
                0x00000124                x_yield
                0x00000184                x_schedule
                0x00000202                bit2mask8
                0x00000216                . = ALIGN (0x2)
 *(.text.*)
 .text.ADC_read
                0x00000216       0x52 ADC.o
                0x00000216                ADC_read
 .text.setup_ADC
                0x00000268        0xe ADC.o
                0x00000268                setup_ADC
 .text.printVoltage
                0x00000276       0xe2 ADC.o
                0x00000276                printVoltage
 .text.main     0x00000358       0x5a ADC.o
                0x00000358                main
 .text.init_System_Timer
                0x000003b2       0x12 C:\Users\andyr\Documents\Atmel Studio\ADC\ADC\libacx.a(library.o)
                0x000003b2                init_System_Timer
 .text.x_init   0x000003c4       0xee C:\Users\andyr\Documents\Atmel Studio\ADC\ADC\libacx.a(library.o)
                0x000003c4                x_init
 .text.x_delay  0x000004b2       0x2c C:\Users\andyr\Documents\Atmel Studio\ADC\ADC\libacx.a(library.o)
                0x000004b2                x_delay
 .text.__vector_21
                0x000004de       0x98 C:\Users\andyr\Documents\Atmel Studio\ADC\ADC\libacx.a(library.o)
                0x000004de                __vector_21
 .text.x_stack_overflow
                0x00000576       0x72 C:\Users\andyr\Documents\Atmel Studio\ADC\ADC\libacx.a(library.o)
                0x00000576                x_stack_overflow
 .text.Serial_config
                0x000005e8      0x27e C:\Users\andyr\Documents\Atmel Studio\ADC\ADC\libacxserial.a(library.o)
                0x000005e8                Serial_config
 .text.Q_delete
                0x00000866       0x26 C:\Users\andyr\Documents\Atmel Studio\ADC\ADC\libacxserial.a(library.o)
                0x00000866                Q_delete
 .text.Q_create
                0x0000088c       0xac C:\Users\andyr\Documents\Atmel Studio\ADC\ADC\libacxserial.a(library.o)
                0x0000088c                Q_create
 .text.Serial_open
                0x00000938       0x96 C:\Users\andyr\Documents\Atmel Studio\ADC\ADC\libacxserial.a(library.o)
                0x00000938                Serial_open
 .text.Q_getc   0x000009ce       0xbc C:\Users\andyr\Documents\Atmel Studio\ADC\ADC\libacxserial.a(library.o)
                0x000009ce                Q_getc
 .text.__vector_26
                0x00000a8a       0x98 C:\Users\andyr\Documents\Atmel Studio\ADC\ADC\libacxserial.a(library.o)
                0x00000a8a                __vector_26
 .text.__vector_37
                0x00000b22       0x98 C:\Users\andyr\Documents\Atmel Studio\ADC\ADC\libacxserial.a(library.o)
                0x00000b22                __vector_37
 .text.__vector_52
                0x00000bba       0x98 C:\Users\andyr\Documents\Atmel Studio\ADC\ADC\libacxserial.a(library.o)
                0x00000bba                __vector_52
 .text.__vector_55
                0x00000c52       0x98 C:\Users\andyr\Documents\Atmel Studio\ADC\ADC\libacxserial.a(library.o)
                0x00000c52                __vector_55
 .text.Q_putc   0x00000cea       0xb2 C:\Users\andyr\Documents\Atmel Studio\ADC\ADC\libacxserial.a(library.o)
                0x00000cea                Q_putc
 .text.__vector_25
                0x00000d9c       0x56 C:\Users\andyr\Documents\Atmel Studio\ADC\ADC\libacxserial.a(library.o)
                0x00000d9c                __vector_25
 .text.__vector_36
                0x00000df2       0x56 C:\Users\andyr\Documents\Atmel Studio\ADC\ADC\libacxserial.a(library.o)
                0x00000df2                __vector_36
 .text.__vector_51
                0x00000e48       0x56 C:\Users\andyr\Documents\Atmel Studio\ADC\ADC\libacxserial.a(library.o)
                0x00000e48                __vector_51
 .text.__vector_54
                0x00000e9e       0x56 C:\Users\andyr\Documents\Atmel Studio\ADC\ADC\libacxserial.a(library.o)
                0x00000e9e                __vector_54
 .text.Serial_write
                0x00000ef4       0xbc C:\Users\andyr\Documents\Atmel Studio\ADC\ADC\libacxserial.a(library.o)
                0x00000ef4                Serial_write
 .text.avr-libc
                0x00000fb0       0x14 c:/program files (x86)/atmel/studio/7.0/toolchain/avr8/avr8-gnu-toolchain/bin/../lib/gcc/avr/5.4.0/../../../../avr/lib/avr6\libc.a(itoa_ncheck.o)
                0x00000fb0                __itoa_ncheck
 .text.avr-libc
                0x00000fc4       0x32 c:/program files (x86)/atmel/studio/7.0/toolchain/avr8/avr8-gnu-toolchain/bin/../lib/gcc/avr/5.4.0/../../../../avr/lib/avr6\libc.a(utoa_ncheck.o)
                0x00000fc4                __utoa_ncheck
                0x00000fc6                __utoa_common
 .text.avr-libc
                0x00000ff6       0x20 c:/program files (x86)/atmel/studio/7.0/toolchain/avr8/avr8-gnu-toolchain/bin/../lib/gcc/avr/5.4.0/../../../../avr/lib/avr6\libc.a(strrev.o)
                0x00000ff6                strrev
                0x00001016                . = ALIGN (0x2)
 *(.fini9)
 .fini9         0x00001016        0x0 c:/program files (x86)/atmel/studio/7.0/toolchain/avr8/avr8-gnu-toolchain/bin/../lib/gcc/avr/5.4.0/avr6\libgcc.a(_exit.o)
                0x00001016                _exit
                0x00001016                exit
 *(.fini9)
 *(.fini8)
 *(.fini8)
 *(.fini7)
 *(.fini7)
 *(.fini6)
 *(.fini6)
 *(.fini5)
 *(.fini5)
 *(.fini4)
 *(.fini4)
 *(.fini3)
 *(.fini3)
 *(.fini2)
 *(.fini2)
 *(.fini1)
 *(.fini1)
 *(.fini0)
 .fini0         0x00001016        0x4 c:/program files (x86)/atmel/studio/7.0/toolchain/avr8/avr8-gnu-toolchain/bin/../lib/gcc/avr/5.4.0/avr6\libgcc.a(_exit.o)
 *(.fini0)
                0x0000101a                _etext = .

.data           0x00800200       0x4c load address 0x0000101a
                0x00800200                PROVIDE (__data_start, .)
 *(.data)
 *(.data*)
 .data.pCanary  0x00800200       0x10 C:\Users\andyr\Documents\Atmel Studio\ADC\ADC\libacx.a(library.o)
                0x00800200                pCanary
 .data.serial_port
                0x00800210       0x28 C:\Users\andyr\Documents\Atmel Studio\ADC\ADC\libacxserial.a(library.o)
                0x00800210                serial_port
 .data.serialregs
                0x00800238        0x8 C:\Users\andyr\Documents\Atmel Studio\ADC\ADC\libacxserial.a(library.o)
                0x00800238                serialregs
 *(.gnu.linkonce.d*)
 *(.rodata)
 *(.rodata*)
 .rodata.str1.1
                0x00800240        0xb ADC.o
 *(.gnu.linkonce.r*)
                0x0080024c                . = ALIGN (0x2)
 *fill*         0x0080024b        0x1 
                0x0080024c                _edata = .
                0x0080024c                PROVIDE (__data_end, .)

.bss            0x0080024c      0x9d9
                0x0080024c                PROVIDE (__bss_start, .)
 *(.bss)
 *(.bss*)
 .bss.x_system_counter
                0x0080024c        0x4 C:\Users\andyr\Documents\Atmel Studio\ADC\ADC\libacx.a(library.o)
                0x0080024c                x_system_counter
 .bss.sysQueue  0x00800250       0x20 C:\Users\andyr\Documents\Atmel Studio\ADC\ADC\libacxserial.a(library.o)
 .bss.p3_tx_buffer
                0x00800270       0x20 C:\Users\andyr\Documents\Atmel Studio\ADC\ADC\libacxserial.a(library.o)
 .bss.p3_rx_buffer
                0x00800290       0x20 C:\Users\andyr\Documents\Atmel Studio\ADC\ADC\libacxserial.a(library.o)
 .bss.p2_tx_buffer
                0x008002b0       0x20 C:\Users\andyr\Documents\Atmel Studio\ADC\ADC\libacxserial.a(library.o)
 .bss.p2_rx_buffer
                0x008002d0       0x20 C:\Users\andyr\Documents\Atmel Studio\ADC\ADC\libacxserial.a(library.o)
 .bss.p1_tx_buffer
                0x008002f0       0x40 C:\Users\andyr\Documents\Atmel Studio\ADC\ADC\libacxserial.a(library.o)
 .bss.p1_rx_buffer
                0x00800330       0x40 C:\Users\andyr\Documents\Atmel Studio\ADC\ADC\libacxserial.a(library.o)
 .bss.p0_tx_buffer
                0x00800370       0x40 C:\Users\andyr\Documents\Atmel Studio\ADC\ADC\libacxserial.a(library.o)
 .bss.p0_rx_buffer
                0x008003b0       0x40 C:\Users\andyr\Documents\Atmel Studio\ADC\ADC\libacxserial.a(library.o)
 *(COMMON)
 COMMON         0x008003f0      0x835 C:\Users\andyr\Documents\Atmel Studio\ADC\ADC\libacx.a(library.o)
                0x008003f0                x_thread_id
                0x008003f1                x_delay_status
                0x008003f2                stack
                0x00800412                x_suspend_status
                0x00800413                x_thread_stacks
                0x00800c13                x_thread_delay
                0x00800c23                x_disable_status
                0x00800c24                x_thread_mask
                0x00800c25                PROVIDE (__bss_end, .)
                0x0000101a                __data_load_start = LOADADDR (.data)
                0x00001066                __data_load_end = (__data_load_start + SIZEOF (.data))

.noinit         0x00800c25        0x0
                [!provide]                PROVIDE (__noinit_start, .)
 *(.noinit*)
                [!provide]                PROVIDE (__noinit_end, .)
                0x00800c25                _end = .
                [!provide]                PROVIDE (__heap_start, .)

.eeprom         0x00810000        0x0
 *(.eeprom*)
                0x00810000                __eeprom_end = .

.fuse
 *(.fuse)
 *(.lfuse)
 *(.hfuse)
 *(.efuse)

.lock
 *(.lock*)

.signature
 *(.signature*)

.user_signatures
 *(.user_signatures*)

.stab
 *(.stab)

.stabstr
 *(.stabstr)

.stab.excl
 *(.stab.excl)

.stab.exclstr
 *(.stab.exclstr)

.stab.index
 *(.stab.index)

.stab.indexstr
 *(.stab.indexstr)

.comment        0x00000000       0x60
 *(.comment)
 .comment       0x00000000       0x30 ADC.o
                                 0x31 (size before relaxing)
 .comment       0x00000030       0x30 C:\Users\andyr\Documents\Atmel Studio\ADC\ADC\libacx.a(library.o)
                                 0x31 (size before relaxing)
 .comment       0x00000060       0x31 C:\Users\andyr\Documents\Atmel Studio\ADC\ADC\libacxserial.a(library.o)

.note.gnu.avr.deviceinfo
                0x00000000       0x40
 .note.gnu.avr.deviceinfo
                0x00000000       0x40 C:/Program Files (x86)/Atmel/Studio/7.0/Packs/atmel/ATmega_DFP/1.2.150/gcc/dev/atmega2560/avr6/crtatmega2560.o

.note.gnu.build-id
 *(.note.gnu.build-id)

.debug
 *(.debug)

.line
 *(.line)

.debug_srcinfo
 *(.debug_srcinfo)

.debug_sfnames
 *(.debug_sfnames)

.debug_aranges  0x00000000      0x228
 *(.debug_aranges)
 .debug_aranges
                0x00000000       0x38 ADC.o
 .debug_aranges
                0x00000038       0x78 C:\Users\andyr\Documents\Atmel Studio\ADC\ADC\libacx.a(library.o)
 .debug_aranges
                0x000000b0       0x20 C:\Users\andyr\Documents\Atmel Studio\ADC\ADC\libacx.a(acx_asm.o)
 .debug_aranges
                0x000000d0      0x158 C:\Users\andyr\Documents\Atmel Studio\ADC\ADC\libacxserial.a(library.o)

.debug_pubnames
 *(.debug_pubnames)

.debug_info     0x00000000     0x2bb5
 *(.debug_info .gnu.linkonce.wi.*)
 .debug_info    0x00000000      0xbbc C:/Program Files (x86)/Atmel/Studio/7.0/Packs/atmel/ATmega_DFP/1.2.150/gcc/dev/atmega2560/avr6/crtatmega2560.o
 .debug_info    0x00000bbc      0x4a1 ADC.o
 .debug_info    0x0000105d      0x80d C:\Users\andyr\Documents\Atmel Studio\ADC\ADC\libacx.a(library.o)
 .debug_info    0x0000186a       0x70 C:\Users\andyr\Documents\Atmel Studio\ADC\ADC\libacx.a(acx_asm.o)
 .debug_info    0x000018da     0x12db C:\Users\andyr\Documents\Atmel Studio\ADC\ADC\libacxserial.a(library.o)

.debug_abbrev   0x00000000     0x147e
 *(.debug_abbrev)
 .debug_abbrev  0x00000000      0xb1a C:/Program Files (x86)/Atmel/Studio/7.0/Packs/atmel/ATmega_DFP/1.2.150/gcc/dev/atmega2560/avr6/crtatmega2560.o
 .debug_abbrev  0x00000b1a      0x209 ADC.o
 .debug_abbrev  0x00000d23      0x32c C:\Users\andyr\Documents\Atmel Studio\ADC\ADC\libacx.a(library.o)
 .debug_abbrev  0x0000104f       0x14 C:\Users\andyr\Documents\Atmel Studio\ADC\ADC\libacx.a(acx_asm.o)
 .debug_abbrev  0x00001063      0x41b C:\Users\andyr\Documents\Atmel Studio\ADC\ADC\libacxserial.a(library.o)

.debug_line     0x00000000     0x17fc
 *(.debug_line .debug_line.* .debug_line_end)
 .debug_line    0x00000000      0x1f9 C:/Program Files (x86)/Atmel/Studio/7.0/Packs/atmel/ATmega_DFP/1.2.150/gcc/dev/atmega2560/avr6/crtatmega2560.o
 .debug_line    0x000001f9      0x21a ADC.o
 .debug_line    0x00000413      0x4a0 C:\Users\andyr\Documents\Atmel Studio\ADC\ADC\libacx.a(library.o)
 .debug_line    0x000008b3      0x2b8 C:\Users\andyr\Documents\Atmel Studio\ADC\ADC\libacx.a(acx_asm.o)
 .debug_line    0x00000b6b      0xc91 C:\Users\andyr\Documents\Atmel Studio\ADC\ADC\libacxserial.a(library.o)

.debug_frame    0x00000000      0x85c
 *(.debug_frame)
 .debug_frame   0x00000000       0xb0 ADC.o
 .debug_frame   0x000000b0      0x13c C:\Users\andyr\Documents\Atmel Studio\ADC\ADC\libacx.a(library.o)
 .debug_frame   0x000001ec      0x670 C:\Users\andyr\Documents\Atmel Studio\ADC\ADC\libacxserial.a(library.o)

.debug_str      0x00000000      0xc66
 *(.debug_str)
 .debug_str     0x00000000      0x3e6 C:/Program Files (x86)/Atmel/Studio/7.0/Packs/atmel/ATmega_DFP/1.2.150/gcc/dev/atmega2560/avr6/crtatmega2560.o
 .debug_str     0x000003e6      0x1cf ADC.o
                                0x20d (size before relaxing)
 .debug_str     0x000005b5      0x302 C:\Users\andyr\Documents\Atmel Studio\ADC\ADC\libacx.a(library.o)
                                0x3a2 (size before relaxing)
 .debug_str     0x000008b7      0x3af C:\Users\andyr\Documents\Atmel Studio\ADC\ADC\libacxserial.a(library.o)
                                0x5cf (size before relaxing)

.debug_loc      0x00000000     0x2214
 *(.debug_loc)
 .debug_loc     0x00000000      0x397 ADC.o
 .debug_loc     0x00000397      0x62e C:\Users\andyr\Documents\Atmel Studio\ADC\ADC\libacx.a(library.o)
 .debug_loc     0x000009c5     0x184f C:\Users\andyr\Documents\Atmel Studio\ADC\ADC\libacxserial.a(library.o)

.debug_macinfo
 *(.debug_macinfo)

.debug_weaknames
 *(.debug_weaknames)

.debug_funcnames
 *(.debug_funcnames)

.debug_typenames
 *(.debug_typenames)

.debug_varnames
 *(.debug_varnames)

.debug_pubtypes
 *(.debug_pubtypes)

.debug_ranges   0x00000000      0x1f8
 *(.debug_ranges)
 .debug_ranges  0x00000000       0x28 ADC.o
 .debug_ranges  0x00000028       0x68 C:\Users\andyr\Documents\Atmel Studio\ADC\ADC\libacx.a(library.o)
 .debug_ranges  0x00000090      0x168 C:\Users\andyr\Documents\Atmel Studio\ADC\ADC\libacxserial.a(library.o)

.debug_macro
 *(.debug_macro)
OUTPUT(ADC.elf elf32-avr)
LOAD linker stubs
